14:10:56 **** Incremental Build of configuration Debug for project custom_DPLL_SoC ****
make all 
make --no-print-directory pre-build
a9-linaro-pre-build-step
' '
make --no-print-directory main-build
'Building file: ../src/helloworld.c'
'Invoking: ARM v7 gcc compiler'
arm-none-eabi-gcc -Wall -O0 -g3 -c -fmessage-length=0 -MT"src/helloworld.o" -mcpu=cortex-a9 -mfpu=vfpv3 -mfloat-abi=hard -IC:/Users/hari-admin/Documents/Dev/Thesis/BCP_acceleration/vitis_proj/base_blackboard_hw_proj/export/base_blackboard_hw_proj/sw/base_blackboard_hw_proj/standalone_domain/bspinclude/include -MMD -MP -MF"src/helloworld.d" -MT"src/helloworld.o" -o "src/helloworld.o" "../src/helloworld.c"
'Finished building: ../src/helloworld.c'
' '
'Building file: ../src/platform.c'
'Invoking: ARM v7 gcc compiler'
arm-none-eabi-gcc -Wall -O0 -g3 -c -fmessage-length=0 -MT"src/platform.o" -mcpu=cortex-a9 -mfpu=vfpv3 -mfloat-abi=hard -IC:/Users/hari-admin/Documents/Dev/Thesis/BCP_acceleration/vitis_proj/base_blackboard_hw_proj/export/base_blackboard_hw_proj/sw/base_blackboard_hw_proj/standalone_domain/bspinclude/include -MMD -MP -MF"src/platform.d" -MT"src/platform.o" -o "src/platform.o" "../src/platform.c"
'Finished building: ../src/platform.c'
' '
'Building target: custom_DPLL_SoC.elf'
'Invoking: ARM v7 gcc linker'
arm-none-eabi-gcc -mcpu=cortex-a9 -mfpu=vfpv3 -mfloat-abi=hard -Wl,-build-id=none -specs=Xilinx.spec -Wl,-T -Wl,../src/lscript.ld -LC:/Users/hari-admin/Documents/Dev/Thesis/BCP_acceleration/vitis_proj/base_blackboard_hw_proj/export/base_blackboard_hw_proj/sw/base_blackboard_hw_proj/standalone_domain/bsplib/lib -o "custom_DPLL_SoC.elf"  ./src/helloworld.o ./src/platform.o   -Wl,--start-group,-lxil,-lgcc,-lc,--end-group
'Finished building target: custom_DPLL_SoC.elf'
' '
'Invoking: ARM v7 Print Size'
arm-none-eabi-size custom_DPLL_SoC.elf  |tee "custom_DPLL_SoC.elf.size"
   text	   data	    bss	    dec	    hex	filename
  19100	   1144	67115048	67135292	400673c	custom_DPLL_SoC.elf
'Finished building: custom_DPLL_SoC.elf.size'
' '

14:10:59 Build Finished (took 2s.661ms)

