12:40:15 **** Build of configuration Debug for project BCP_accelerator ****
make all 
make --no-print-directory pre-build
a9-linaro-pre-build-step
 
make --no-print-directory main-build
Building file: ../src/helloworld.c
Invoking: ARM v7 gcc compiler
arm-none-eabi-gcc -Wall -O0 -g3 -c -fmessage-length=0 -MT"src/helloworld.o" -mcpu=cortex-a9 -mfpu=vfpv3 -mfloat-abi=hard -I/home/harigovind/Documents/dev/thesis/FPGA_BCP_acceleration/SoC_Vitis_project/BCP_accelerator_V2_3/export/BCP_accelerator_V2_3/sw/BCP_accelerator_V2_3/standalone_ps7_cortexa9_0/bspinclude/include -MMD -MP -MF"src/helloworld.d" -MT"src/helloworld.o" -o "src/helloworld.o" "../src/helloworld.c"
Finished building: ../src/helloworld.c
 
Building file: ../src/platform.c
Invoking: ARM v7 gcc compiler
arm-none-eabi-gcc -Wall -O0 -g3 -c -fmessage-length=0 -MT"src/platform.o" -mcpu=cortex-a9 -mfpu=vfpv3 -mfloat-abi=hard -I/home/harigovind/Documents/dev/thesis/FPGA_BCP_acceleration/SoC_Vitis_project/BCP_accelerator_V2_3/export/BCP_accelerator_V2_3/sw/BCP_accelerator_V2_3/standalone_ps7_cortexa9_0/bspinclude/include -MMD -MP -MF"src/platform.d" -MT"src/platform.o" -o "src/platform.o" "../src/platform.c"
Finished building: ../src/platform.c
 
Building target: BCP_accelerator.elf
Invoking: ARM v7 gcc linker
arm-none-eabi-gcc -mcpu=cortex-a9 -mfpu=vfpv3 -mfloat-abi=hard -Wl,-build-id=none -specs=Xilinx.spec -Wl,-T -Wl,../src/lscript.ld -L/home/harigovind/Documents/dev/thesis/FPGA_BCP_acceleration/SoC_Vitis_project/BCP_accelerator_V2_3/export/BCP_accelerator_V2_3/sw/BCP_accelerator_V2_3/standalone_ps7_cortexa9_0/bsplib/lib -o "BCP_accelerator.elf" ./src/helloworld.o ./src/platform.o   -Wl,--start-group,-lxil,-lgcc,-lc,--end-group
Finished building target: BCP_accelerator.elf
 
Invoking: ARM v7 Print Size
arm-none-eabi-size BCP_accelerator.elf  |tee "BCP_accelerator.elf.size"
   text	   data	    bss	    dec	    hex	filename
  19104	   1144	  22568	  42816	   a740	BCP_accelerator.elf
Finished building: BCP_accelerator.elf.size
 

12:40:15 Build Finished (took 214ms)

