20:29:12 **** Build of configuration Debug for project Accelerated_BCP_Integration ****
make all 
make --no-print-directory pre-build
a9-linaro-pre-build-step
 
make --no-print-directory main-build
Building file: ../src/main.cpp
Invoking: ARM v7 g++ compiler
arm-none-eabi-g++ -Wall -O0 -g3 -c -fmessage-length=0 -MT"src/main.o" -mcpu=cortex-a9 -mfpu=vfpv3 -mfloat-abi=hard -I/home/harigovind/Documents/dev/thesis/FPGA_BCP_acceleration/SoC_proj/BCP_accelerator_V2_6/export/BCP_accelerator_V2_6/sw/BCP_accelerator_V2_6/standalone_domain/bspinclude/include -MMD -MP -MF"src/main.d" -MT"src/main.o" -o "src/main.o" "../src/main.cpp"
../src/main.cpp: In member function 'int SATSolverDPLL::unit_propagate(Formula&, int, bool)':
../src/main.cpp:209:27: warning: comparison of integer expressions of different signedness: 'int' and 'std::vector<std::vector<int> >::size_type' {aka 'unsigned int'} [-Wsign-compare]
  209 |         for (int i = 0; i < f.clauses.size(); i++) {
      |                         ~~^~~~~~~~~~~~~~~~~~
../src/main.cpp: In member function 'int SATSolverDPLL::apply_transform(Formula&, int)':
../src/main.cpp:240:23: warning: comparison of integer expressions of different signedness: 'int' and 'std::vector<std::vector<int> >::size_type' {aka 'unsigned int'} [-Wsign-compare]
  240 |     for (int i = 0; i < f.clauses.size(); i++) {        // iterate over the variables in the clause
      |                     ~~^~~~~~~~~~~~~~~~~~
../src/main.cpp:241:27: warning: comparison of integer expressions of different signedness: 'int' and 'std::vector<int>::size_type' {aka 'unsigned int'} [-Wsign-compare]
  241 |         for (int j = 0; j < f.clauses[i].size(); j++) {
      |                         ~~^~~~~~~~~~~~~~~~~~~~~
../src/main.cpp: In member function 'void SATSolverDPLL::show_result(Formula&, int)':
../src/main.cpp:334:27: warning: comparison of integer expressions of different signedness: 'int' and 'std::vector<int>::size_type' {aka 'unsigned int'} [-Wsign-compare]
  334 |         for (int i = 0; i < f.literals.size(); i++) {
      |                         ~~^~~~~~~~~~~~~~~~~~~
Finished building: ../src/main.cpp
 
Building file: ../src/platform.c
Invoking: ARM v7 g++ compiler
arm-none-eabi-g++ -Wall -O0 -g3 -c -fmessage-length=0 -MT"src/platform.o" -mcpu=cortex-a9 -mfpu=vfpv3 -mfloat-abi=hard -I/home/harigovind/Documents/dev/thesis/FPGA_BCP_acceleration/SoC_proj/BCP_accelerator_V2_6/export/BCP_accelerator_V2_6/sw/BCP_accelerator_V2_6/standalone_domain/bspinclude/include -MMD -MP -MF"src/platform.d" -MT"src/platform.o" -o "src/platform.o" "../src/platform.c"
Finished building: ../src/platform.c
 
Building target: Accelerated_BCP_Integration.elf
Invoking: ARM v7 g++ linker
arm-none-eabi-g++ -mcpu=cortex-a9 -mfpu=vfpv3 -mfloat-abi=hard -Wl,-build-id=none -specs=Xilinx.spec -Wl,-T -Wl,../src/lscript.ld -L/home/harigovind/Documents/dev/thesis/FPGA_BCP_acceleration/SoC_proj/BCP_accelerator_V2_6/export/BCP_accelerator_V2_6/sw/BCP_accelerator_V2_6/standalone_domain/bsplib/lib -o "Accelerated_BCP_Integration.elf" ./src/main.o ./src/platform.o   -Wl,--start-group,-lxil,-lgcc,-lc,-lstdc++,--end-group
Finished building target: Accelerated_BCP_Integration.elf
 
Invoking: ARM v7 Print Size
arm-none-eabi-size Accelerated_BCP_Integration.elf  |tee "Accelerated_BCP_Integration.elf.size"
   text	   data	    bss	    dec	    hex	filename
 587215	   2832	4207044	4797091	 4932a3	Accelerated_BCP_Integration.elf
Finished building: Accelerated_BCP_Integration.elf.size
 

20:29:12 Build Finished (took 814ms)

